[GNSSFGOBridge] Using gnssfgo JSONL mode: /home/nvidia/Work/gnssfgo_ml_ws/osqa_input.jsonl -> /home/nvidia/Work/gnssfgo_ml_ws/osqa_output.jsonl
[GNSSFGODataReader] Started. Input: /home/nvidia/Work/gnssfgo_ml_ws/osqa_input.jsonl, Output: /home/nvidia/Work/gnssfgo_ml_ws/osqa_output.jsonl
[GNSSFGODataProvider] Polling /home/nvidia/Work/gnssfgo_ml_ws/osqa_input.jsonl for new epochs...
[OSQA] Started. Config: window=50, fusion=weighted, threshold=0.2
[OSQA Visualizer] updating epoch 1465020949.00, sats=31, mean_q=0.874
[OSQA Visualizer] updating epoch 1465020950.00, sats=30, mean_q=0.721
[OSQA Visualizer] updating epoch 1465020951.00, sats=29, mean_q=0.761
[OSQA Visualizer] updating epoch 1465020952.00, sats=28, mean_q=0.774
[OSQA Visualizer] updating epoch 1465020953.00, sats=31, mean_q=0.712
[OSQA Visualizer] updating epoch 1465020954.00, sats=29, mean_q=0.735
[OSQA Visualizer] updating epoch 1465020955.00, sats=29, mean_q=0.751
[OSQA Visualizer] updating epoch 1465020956.00, sats=30, mean_q=0.710
[OSQA Visualizer] updating epoch 1465020957.00, sats=30, mean_q=0.681
[OSQA Visualizer] updating epoch 1465020958.00, sats=29, mean_q=0.722
[OSQA Visualizer] updating epoch 1465020959.00, sats=30, mean_q=0.742
[OSQA Visualizer] updating epoch 1465020960.00, sats=29, mean_q=0.767
[OSQA Visualizer] updating epoch 1465020961.00, sats=29, mean_q=0.741
[OSQA Visualizer] updating epoch 1465020962.00, sats=29, mean_q=0.790
[OSQA Visualizer] updating epoch 1465020963.00, sats=31, mean_q=0.719
[OSQA Visualizer] updating epoch 1465020964.00, sats=30, mean_q=0.764
[OSQA Visualizer] updating epoch 1465020965.00, sats=31, mean_q=0.795
[OSQA Visualizer] updating epoch 1465020966.00, sats=30, mean_q=0.829
[OSQA Visualizer] updating epoch 1465020967.00, sats=30, mean_q=0.817
[OSQA Visualizer] updating epoch 1465020968.00, sats=29, mean_q=0.742
[OSQA Visualizer] updating epoch 1465020969.00, sats=29, mean_q=0.809
[OSQA Visualizer] updating epoch 1465020970.00, sats=29, mean_q=0.802
[OSQA Visualizer] updating epoch 1465020971.00, sats=29, mean_q=0.819
[OSQA Visualizer] updating epoch 1465020972.00, sats=29, mean_q=0.807
[OSQA Visualizer] updating epoch 1465020973.00, sats=29, mean_q=0.810
[OSQA Visualizer] updating epoch 1465020974.00, sats=29, mean_q=0.803
[OSQA Visualizer] updating epoch 1465020975.00, sats=29, mean_q=0.802
[OSQA Visualizer] updating epoch 1465020976.00, sats=29, mean_q=0.823
[OSQA Visualizer] updating epoch 1465020977.00, sats=29, mean_q=0.788
[OSQA Visualizer] updating epoch 1465020978.00, sats=29, mean_q=0.798
[OSQA Visualizer] updating epoch 1465020979.00, sats=29, mean_q=0.784
[OSQA Visualizer] updating epoch 1465020980.00, sats=29, mean_q=0.757
[OSQA Visualizer] updating epoch 1465020981.00, sats=30, mean_q=0.764
[OSQA Visualizer] updating epoch 1465020982.00, sats=30, mean_q=0.791
[OSQA Visualizer] updating epoch 1465020983.00, sats=30, mean_q=0.804
[OSQA Visualizer] updating epoch 1465020984.00, sats=30, mean_q=0.794
[OSQA Visualizer] updating epoch 1465020985.00, sats=30, mean_q=0.824
[OSQA Visualizer] updating epoch 1465020986.00, sats=30, mean_q=0.781
[OSQA Visualizer] updating epoch 1465020987.00, sats=30, mean_q=0.754
[OSQA Visualizer] updating epoch 1465020988.00, sats=29, mean_q=0.761
[OSQA Visualizer] updating epoch 1465020989.00, sats=30, mean_q=0.770
[OSQA Visualizer] updating epoch 1465020990.00, sats=31, mean_q=0.808
[OSQA Visualizer] updating epoch 1465020991.00, sats=31, mean_q=0.798
[OSQA Visualizer] updating epoch 1465020992.00, sats=31, mean_q=0.789
[OSQA Visualizer] updating epoch 1465020993.00, sats=31, mean_q=0.794
[OSQA Visualizer] updating epoch 1465020994.00, sats=31, mean_q=0.774
[OSQA Visualizer] updating epoch 1465020995.00, sats=31, mean_q=0.802
[OSQA Visualizer] updating epoch 1465020996.00, sats=31, mean_q=0.775
[OSQA Visualizer] updating epoch 1465020997.00, sats=31, mean_q=0.786
[OSQA Visualizer] updating epoch 1465020998.00, sats=31, mean_q=0.752
[OSQA Visualizer] updating epoch 1465020999.00, sats=30, mean_q=0.780
[OSQA Visualizer] updating epoch 1465021000.00, sats=29, mean_q=0.802
[OSQA Visualizer] updating epoch 1465021001.00, sats=30, mean_q=0.790
[OSQA Visualizer] updating epoch 1465021002.00, sats=30, mean_q=0.786
[OSQA Visualizer] updating epoch 1465021003.00, sats=30, mean_q=0.782
[OSQA Visualizer] updating epoch 1465021004.00, sats=30, mean_q=0.778
[OSQA Visualizer] updating epoch 1465021005.00, sats=30, mean_q=0.786
[OSQA Visualizer] updating epoch 1465021006.00, sats=30, mean_q=0.790
[OSQA Visualizer] updating epoch 1465021007.00, sats=29, mean_q=0.796
[OSQA Visualizer] updating epoch 1465021008.00, sats=30, mean_q=0.797
[OSQA Visualizer] updating epoch 1465021009.00, sats=31, mean_q=0.726
[OSQA Visualizer] updating epoch 1465021010.00, sats=31, mean_q=0.785
[OSQA Visualizer] updating epoch 1465021011.00, sats=31, mean_q=0.767
[OSQA Visualizer] updating epoch 1465021012.00, sats=31, mean_q=0.787
[OSQA Visualizer] updating epoch 1465021013.00, sats=31, mean_q=0.769
[OSQA Visualizer] updating epoch 1465021014.00, sats=31, mean_q=0.778
[OSQA Visualizer] updating epoch 1465021015.00, sats=31, mean_q=0.755
[OSQA Visualizer] updating epoch 1465021016.00, sats=31, mean_q=0.766
[OSQA Visualizer] updating epoch 1465021017.00, sats=32, mean_q=0.797
[OSQA Visualizer] updating epoch 1465021018.00, sats=31, mean_q=0.754
[OSQA Visualizer] updating epoch 1465021019.00, sats=31, mean_q=0.684
[OSQA Visualizer] updating epoch 1465021020.00, sats=31, mean_q=0.771
[OSQA Visualizer] updating epoch 1465021021.00, sats=30, mean_q=0.773
[OSQA Visualizer] updating epoch 1465021022.00, sats=31, mean_q=0.766
[OSQA Visualizer] updating epoch 1465021023.00, sats=31, mean_q=0.796
[OSQA Visualizer] updating epoch 1465021024.00, sats=32, mean_q=0.768
[OSQA Visualizer] updating epoch 1465021025.00, sats=32, mean_q=0.770
[OSQA Visualizer] updating epoch 1465021026.00, sats=32, mean_q=0.765
[OSQA Visualizer] updating epoch 1465021027.00, sats=31, mean_q=0.786
[OSQA Visualizer] updating epoch 1465021028.00, sats=31, mean_q=0.764
[OSQA Visualizer] updating epoch 1465021029.00, sats=31, mean_q=0.761
[OSQA Visualizer] updating epoch 1465021030.00, sats=31, mean_q=0.755
[OSQA Visualizer] updating epoch 1465021031.00, sats=31, mean_q=0.760
[OSQA Visualizer] updating epoch 1465021032.00, sats=31, mean_q=0.759
[OSQA Visualizer] updating epoch 1465021033.00, sats=31, mean_q=0.781
[OSQA Visualizer] updating epoch 1465021034.00, sats=32, mean_q=0.750
[OSQA Visualizer] updating epoch 1465021035.00, sats=32, mean_q=0.764
[OSQA Visualizer] updating epoch 1465021036.00, sats=33, mean_q=0.697
[OSQA Visualizer] updating epoch 1465021037.00, sats=33, mean_q=0.659
[OSQA Visualizer] updating epoch 1465021038.00, sats=32, mean_q=0.740
[OSQA Visualizer] updating epoch 1465021039.00, sats=32, mean_q=0.737
[OSQA Visualizer] updating epoch 1465021040.00, sats=32, mean_q=0.735
[OSQA Visualizer] updating epoch 1465021041.00, sats=33, mean_q=0.731
[OSQA Visualizer] updating epoch 1465021042.00, sats=32, mean_q=0.747
[OSQA Visualizer] updating epoch 1465021043.00, sats=32, mean_q=0.796
[OSQA Visualizer] updating epoch 1465021044.00, sats=32, mean_q=0.787
[OSQA Visualizer] updating epoch 1465021045.00, sats=32, mean_q=0.789
[OSQA Visualizer] updating epoch 1465021046.00, sats=33, mean_q=0.769
[OSQA Visualizer] updating epoch 1465021047.00, sats=33, mean_q=0.815
[OSQA Visualizer] updating epoch 1465021048.00, sats=33, mean_q=0.727
[OSQA Visualizer] updating epoch 1465021049.00, sats=33, mean_q=0.770
[OSQA Visualizer] updating epoch 1465021050.00, sats=32, mean_q=0.721
[OSQA Visualizer] updating epoch 1465021051.00, sats=32, mean_q=0.783
[OSQA Visualizer] updating epoch 1465021052.00, sats=33, mean_q=0.771
[OSQA Visualizer] updating epoch 1465021053.00, sats=33, mean_q=0.786
[OSQA Visualizer] updating epoch 1465021054.00, sats=33, mean_q=0.754
[OSQA Visualizer] updating epoch 1465021055.00, sats=32, mean_q=0.788
[OSQA Visualizer] updating epoch 1465021056.00, sats=32, mean_q=0.758
[OSQA Visualizer] updating epoch 1465021057.00, sats=32, mean_q=0.745
[OSQA Visualizer] updating epoch 1465021058.00, sats=32, mean_q=0.781
[OSQA Visualizer] updating epoch 1465021059.00, sats=31, mean_q=0.804
[OSQA Visualizer] updating epoch 1465021060.00, sats=31, mean_q=0.776
[OSQA Visualizer] updating epoch 1465021061.00, sats=30, mean_q=0.809
[OSQA Visualizer] updating epoch 1465021062.00, sats=32, mean_q=0.762
[OSQA Visualizer] updating epoch 1465021063.00, sats=32, mean_q=0.741
[OSQA Visualizer] updating epoch 1465021064.00, sats=34, mean_q=0.759
[OSQA Visualizer] updating epoch 1465021065.00, sats=33, mean_q=0.815
[OSQA Visualizer] updating epoch 1465021066.00, sats=32, mean_q=0.723
[OSQA Visualizer] updating epoch 1465021067.00, sats=32, mean_q=0.769
[OSQA Visualizer] updating epoch 1465021068.00, sats=32, mean_q=0.793
[OSQA Visualizer] updating epoch 1465021069.00, sats=31, mean_q=0.815
[OSQA Visualizer] updating epoch 1465021070.00, sats=31, mean_q=0.812
[OSQA Visualizer] updating epoch 1465021071.00, sats=33, mean_q=0.774
[OSQA Visualizer] updating epoch 1465021072.00, sats=33, mean_q=0.758
[OSQA Visualizer] updating epoch 1465021073.00, sats=33, mean_q=0.710
[OSQA Visualizer] updating epoch 1465021074.00, sats=32, mean_q=0.737
[OSQA Visualizer] updating epoch 1465021075.00, sats=32, mean_q=0.645
[OSQA Visualizer] updating epoch 1465021076.00, sats=32, mean_q=0.558
[OSQA Visualizer] updating epoch 1465021077.00, sats=31, mean_q=0.694
[OSQA Visualizer] updating epoch 1465021078.00, sats=32, mean_q=0.753
[OSQA Visualizer] updating epoch 1465021079.00, sats=32, mean_q=0.777
[OSQA Visualizer] updating epoch 1465021080.00, sats=32, mean_q=0.775
[OSQA Visualizer] updating epoch 1465021081.00, sats=33, mean_q=0.794
[OSQA Visualizer] updating epoch 1465021082.00, sats=31, mean_q=0.817
[OSQA Visualizer] updating epoch 1465021083.00, sats=31, mean_q=0.809
[OSQA Visualizer] updating epoch 1465021084.00, sats=32, mean_q=0.815
[OSQA Visualizer] updating epoch 1465021085.00, sats=33, mean_q=0.810
[OSQA Visualizer] updating epoch 1465021086.00, sats=33, mean_q=0.772
[OSQA Visualizer] updating epoch 1465021087.00, sats=32, mean_q=0.816
[OSQA Visualizer] updating epoch 1465021088.00, sats=32, mean_q=0.799
[OSQA Visualizer] updating epoch 1465021089.00, sats=32, mean_q=0.800
[OSQA Visualizer] updating epoch 1465021090.00, sats=32, mean_q=0.793
[OSQA Visualizer] updating epoch 1465021091.00, sats=32, mean_q=0.777
[OSQA Visualizer] updating epoch 1465021092.00, sats=32, mean_q=0.764
[OSQA Visualizer] updating epoch 1465021093.00, sats=32, mean_q=0.801
[OSQA Visualizer] updating epoch 1465021094.00, sats=32, mean_q=0.767
[OSQA Visualizer] updating epoch 1465021095.00, sats=33, mean_q=0.748
[OSQA Visualizer] updating epoch 1465021096.00, sats=33, mean_q=0.775
[OSQA Visualizer] updating epoch 1465021097.00, sats=32, mean_q=0.769
[OSQA Visualizer] updating epoch 1465021098.00, sats=32, mean_q=0.782
[OSQA Visualizer] updating epoch 1465021099.00, sats=32, mean_q=0.779
[OSQA Visualizer] updating epoch 1465021100.00, sats=32, mean_q=0.783
[OSQA Visualizer] updating epoch 1465021101.00, sats=32, mean_q=0.795
[OSQA Visualizer] updating epoch 1465021102.00, sats=32, mean_q=0.793
[OSQA Visualizer] updating epoch 1465021103.00, sats=32, mean_q=0.764
[OSQA Visualizer] updating epoch 1465021104.00, sats=32, mean_q=0.752
[OSQA Visualizer] updating epoch 1465021105.00, sats=32, mean_q=0.768
[OSQA Visualizer] updating epoch 1465021106.00, sats=32, mean_q=0.772
[OSQA Visualizer] updating epoch 1465021107.00, sats=34, mean_q=0.599
[OSQA Visualizer] updating epoch 1465021108.00, sats=32, mean_q=0.747
[OSQA Visualizer] updating epoch 1465021109.00, sats=31, mean_q=0.686
[OSQA Visualizer] updating epoch 1465021110.00, sats=32, mean_q=0.776
[OSQA Visualizer] updating epoch 1465021111.00, sats=32, mean_q=0.776
[OSQA Visualizer] updating epoch 1465021112.00, sats=32, mean_q=0.782
[OSQA Visualizer] updating epoch 1465021113.00, sats=33, mean_q=0.785
[OSQA Visualizer] updating epoch 1465021114.00, sats=33, mean_q=0.781
[OSQA Visualizer] updating epoch 1465021115.00, sats=33, mean_q=0.766
[OSQA Visualizer] updating epoch 1465021116.00, sats=34, mean_q=0.760
[OSQA Visualizer] updating epoch 1465021117.00, sats=33, mean_q=0.766
[OSQA Visualizer] updating epoch 1465021118.00, sats=33, mean_q=0.701
[OSQA Visualizer] updating epoch 1465021119.00, sats=33, mean_q=0.804
[OSQA Visualizer] updating epoch 1465021120.00, sats=33, mean_q=0.669
[OSQA Visualizer] updating epoch 1465021121.00, sats=33, mean_q=0.753
[OSQA Visualizer] updating epoch 1465021122.00, sats=33, mean_q=0.762
[OSQA Visualizer] updating epoch 1465021123.00, sats=33, mean_q=0.618
[OSQA Visualizer] updating epoch 1465021124.00, sats=33, mean_q=0.745
[OSQA Visualizer] updating epoch 1465021125.00, sats=33, mean_q=0.720
[OSQA Visualizer] updating epoch 1465021126.00, sats=33, mean_q=0.743
[OSQA Visualizer] updating epoch 1465021127.00, sats=33, mean_q=0.779
[OSQA Visualizer] updating epoch 1465021128.00, sats=33, mean_q=0.760
[OSQA Visualizer] updating epoch 1465021129.00, sats=33, mean_q=0.783
[OSQA Visualizer] updating epoch 1465021130.00, sats=33, mean_q=0.754
[OSQA Visualizer] updating epoch 1465021131.00, sats=33, mean_q=0.760
[OSQA Visualizer] updating epoch 1465021132.00, sats=33, mean_q=0.764
[OSQA Visualizer] updating epoch 1465021133.00, sats=33, mean_q=0.741
[OSQA Visualizer] updating epoch 1465021134.00, sats=33, mean_q=0.778
[OSQA Visualizer] updating epoch 1465021135.00, sats=33, mean_q=0.775
[OSQA Visualizer] updating epoch 1465021136.00, sats=33, mean_q=0.753
[OSQA Visualizer] updating epoch 1465021137.00, sats=35, mean_q=0.722
[OSQA Visualizer] updating epoch 1465021138.00, sats=34, mean_q=0.714
[OSQA Visualizer] updating epoch 1465021139.00, sats=32, mean_q=0.761
[OSQA Visualizer] updating epoch 1465021140.00, sats=32, mean_q=0.644
[OSQA Visualizer] updating epoch 1465021141.00, sats=33, mean_q=0.681
[OSQA Visualizer] updating epoch 1465021142.00, sats=32, mean_q=0.743
[OSQA Visualizer] updating epoch 1465021143.00, sats=34, mean_q=0.732
[OSQA Visualizer] updating epoch 1465021144.00, sats=33, mean_q=0.738
[OSQA Visualizer] updating epoch 1465021145.00, sats=33, mean_q=0.771
[OSQA Visualizer] updating epoch 1465021146.00, sats=34, mean_q=0.754
[OSQA Visualizer] updating epoch 1465021147.00, sats=33, mean_q=0.774
[OSQA Visualizer] updating epoch 1465021148.00, sats=31, mean_q=0.767
[OSQA Visualizer] updating epoch 1465021149.00, sats=33, mean_q=0.709
[OSQA Visualizer] updating epoch 1465021150.00, sats=32, mean_q=0.755
[OSQA Visualizer] updating epoch 1465021151.00, sats=33, mean_q=0.755
[OSQA Visualizer] updating epoch 1465021152.00, sats=32, mean_q=0.805
[OSQA Visualizer] updating epoch 1465021153.00, sats=32, mean_q=0.810
[OSQA Visualizer] updating epoch 1465021154.00, sats=32, mean_q=0.810
[OSQA Visualizer] updating epoch 1465021155.00, sats=31, mean_q=0.765
[OSQA Visualizer] updating epoch 1465021156.00, sats=30, mean_q=0.777
[OSQA Visualizer] updating epoch 1465021157.00, sats=30, mean_q=0.741
[OSQA Visualizer] updating epoch 1465021158.00, sats=31, mean_q=0.751
[OSQA Visualizer] updating epoch 1465021159.00, sats=31, mean_q=0.733
[OSQA Visualizer] updating epoch 1465021160.00, sats=29, mean_q=0.794
[OSQA Visualizer] updating epoch 1465021161.00, sats=30, mean_q=0.755
[OSQA Visualizer] updating epoch 1465021162.00, sats=30, mean_q=0.732
[OSQA Visualizer] updating epoch 1465021163.00, sats=30, mean_q=0.775
[OSQA Visualizer] updating epoch 1465021164.00, sats=31, mean_q=0.752
[OSQA Visualizer] updating epoch 1465021165.00, sats=31, mean_q=0.758
[OSQA Visualizer] updating epoch 1465021166.00, sats=30, mean_q=0.729
[OSQA Visualizer] updating epoch 1465021167.00, sats=30, mean_q=0.752
[OSQA Visualizer] updating epoch 1465021168.00, sats=31, mean_q=0.720
[OSQA Visualizer] updating epoch 1465021169.00, sats=29, mean_q=0.739
[OSQA Visualizer] updating epoch 1465021170.00, sats=29, mean_q=0.751
[OSQA Visualizer] updating epoch 1465021171.00, sats=29, mean_q=0.736
[OSQA Visualizer] updating epoch 1465021172.00, sats=28, mean_q=0.735
[OSQA Visualizer] updating epoch 1465021173.00, sats=29, mean_q=0.702
[OSQA Visualizer] updating epoch 1465021174.00, sats=28, mean_q=0.725
[OSQA Visualizer] updating epoch 1465021175.00, sats=28, mean_q=0.691
[OSQA Visualizer] updating epoch 1465021176.00, sats=28, mean_q=0.699
[OSQA Visualizer] updating epoch 1465021177.00, sats=28, mean_q=0.701
[OSQA Visualizer] updating epoch 1465021178.00, sats=28, mean_q=0.667
[OSQA Visualizer] updating epoch 1465021179.00, sats=28, mean_q=0.676
[OSQA Visualizer] updating epoch 1465021180.00, sats=28, mean_q=0.722
[OSQA Visualizer] updating epoch 1465021181.00, sats=28, mean_q=0.662
[OSQA Visualizer] updating epoch 1465021182.00, sats=28, mean_q=0.710
[OSQA Visualizer] updating epoch 1465021183.00, sats=28, mean_q=0.708
[OSQA Visualizer] updating epoch 1465021184.00, sats=28, mean_q=0.699
[OSQA Visualizer] updating epoch 1465021185.00, sats=28, mean_q=0.754
[OSQA Visualizer] updating epoch 1465021186.00, sats=28, mean_q=0.757
[OSQA Visualizer] updating epoch 1465021187.00, sats=27, mean_q=0.764
[OSQA Visualizer] updating epoch 1465021188.00, sats=26, mean_q=0.760
[OSQA Visualizer] updating epoch 1465021189.00, sats=25, mean_q=0.806
[OSQA Visualizer] updating epoch 1465021190.00, sats=26, mean_q=0.608
[OSQA Visualizer] updating epoch 1465021191.00, sats=25, mean_q=0.738
[OSQA Visualizer] updating epoch 1465021192.00, sats=25, mean_q=0.714
[OSQA Visualizer] updating epoch 1465021193.00, sats=25, mean_q=0.732
[OSQA Visualizer] updating epoch 1465021194.00, sats=25, mean_q=0.734
[OSQA Visualizer] updating epoch 1465021195.00, sats=25, mean_q=0.786
[OSQA Visualizer] updating epoch 1465021196.00, sats=26, mean_q=0.717
[OSQA Visualizer] updating epoch 1465021197.00, sats=26, mean_q=0.735
[OSQA Visualizer] updating epoch 1465021198.00, sats=27, mean_q=0.716
[OSQA Visualizer] updating epoch 1465021199.00, sats=27, mean_q=0.721
[OSQA Visualizer] updating epoch 1465021200.00, sats=28, mean_q=0.737
[OSQA Visualizer] updating epoch 1465021201.00, sats=28, mean_q=0.717
[OSQA Visualizer] updating epoch 1465021202.00, sats=28, mean_q=0.671
[OSQA Visualizer] updating epoch 1465021203.00, sats=27, mean_q=0.748
[OSQA Visualizer] updating epoch 1465021204.00, sats=27, mean_q=0.678
[OSQA Visualizer] updating epoch 1465021205.00, sats=27, mean_q=0.743
[OSQA Visualizer] updating epoch 1465021206.00, sats=27, mean_q=0.725
[OSQA Visualizer] updating epoch 1465021207.00, sats=27, mean_q=0.743
[OSQA Visualizer] updating epoch 1465021208.00, sats=27, mean_q=0.739
[OSQA Visualizer] updating epoch 1465021209.00, sats=26, mean_q=0.750
[OSQA Visualizer] updating epoch 1465021210.00, sats=27, mean_q=0.648
[OSQA Visualizer] updating epoch 1465021211.00, sats=26, mean_q=0.781
[OSQA Visualizer] updating epoch 1465021212.00, sats=26, mean_q=0.748
[OSQA Visualizer] updating epoch 1465021213.00, sats=26, mean_q=0.739
[OSQA Visualizer] updating epoch 1465021214.00, sats=26, mean_q=0.760
[OSQA Visualizer] updating epoch 1465021215.00, sats=27, mean_q=0.723
[OSQA Visualizer] updating epoch 1465021216.00, sats=27, mean_q=0.804
[OSQA Visualizer] updating epoch 1465021217.00, sats=27, mean_q=0.791
[OSQA Visualizer] updating epoch 1465021218.00, sats=27, mean_q=0.775
[OSQA Visualizer] updating epoch 1465021219.00, sats=27, mean_q=0.782
[OSQA Visualizer] updating epoch 1465021220.00, sats=27, mean_q=0.771
[OSQA Visualizer] updating epoch 1465021221.00, sats=27, mean_q=0.752
[OSQA Visualizer] updating epoch 1465021222.00, sats=27, mean_q=0.766
[OSQA Visualizer] updating epoch 1465021223.00, sats=27, mean_q=0.755
[OSQA Visualizer] updating epoch 1465021224.00, sats=27, mean_q=0.764
[OSQA Visualizer] updating epoch 1465021225.00, sats=27, mean_q=0.775
[OSQA Visualizer] updating epoch 1465021226.00, sats=27, mean_q=0.754
[OSQA Visualizer] updating epoch 1465021227.00, sats=27, mean_q=0.795
[OSQA Visualizer] updating epoch 1465021228.00, sats=26, mean_q=0.783
[OSQA Visualizer] updating epoch 1465021229.00, sats=27, mean_q=0.563
[OSQA Visualizer] updating epoch 1465021230.00, sats=27, mean_q=0.692
[OSQA Visualizer] updating epoch 1465021231.00, sats=28, mean_q=0.746
[OSQA Visualizer] updating epoch 1465021232.00, sats=28, mean_q=0.739
[OSQA Visualizer] updating epoch 1465021233.00, sats=28, mean_q=0.743
[OSQA Visualizer] updating epoch 1465021234.00, sats=28, mean_q=0.788
[OSQA Visualizer] updating epoch 1465021235.00, sats=29, mean_q=0.676
[OSQA Visualizer] updating epoch 1465021236.00, sats=28, mean_q=0.741
[OSQA Visualizer] updating epoch 1465021237.00, sats=28, mean_q=0.690
[OSQA Visualizer] updating epoch 1465021238.00, sats=28, mean_q=0.772
[OSQA Visualizer] updating epoch 1465021239.00, sats=27, mean_q=0.771
[OSQA Visualizer] updating epoch 1465021240.00, sats=27, mean_q=0.694
[OSQA Visualizer] updating epoch 1465021241.00, sats=27, mean_q=0.721
[OSQA Visualizer] updating epoch 1465021242.00, sats=27, mean_q=0.776
[OSQA Visualizer] updating epoch 1465021243.00, sats=28, mean_q=0.049
[OSQA Visualizer] updating epoch 1465021244.00, sats=28, mean_q=0.705
[OSQA Visualizer] updating epoch 1465021245.00, sats=27, mean_q=0.782
[OSQA Visualizer] updating epoch 1465021246.00, sats=28, mean_q=0.711
[OSQA Visualizer] updating epoch 1465021247.00, sats=27, mean_q=0.735
[OSQA Visualizer] updating epoch 1465021248.00, sats=27, mean_q=0.719
[OSQA Visualizer] updating epoch 1465021249.00, sats=27, mean_q=0.726
[OSQA Visualizer] updating epoch 1465021250.00, sats=28, mean_q=0.664
[OSQA Visualizer] updating epoch 1465021251.00, sats=28, mean_q=0.698
[OSQA Visualizer] updating epoch 1465021252.00, sats=28, mean_q=0.718
[OSQA Visualizer] updating epoch 1465021253.00, sats=28, mean_q=0.690
[OSQA Visualizer] updating epoch 1465021254.00, sats=28, mean_q=0.688
[OSQA Visualizer] updating epoch 1465021255.00, sats=28, mean_q=0.691
[OSQA Visualizer] updating epoch 1465021256.00, sats=28, mean_q=0.666
[OSQA Visualizer] updating epoch 1465021257.00, sats=28, mean_q=0.695
[OSQA Visualizer] updating epoch 1465021258.00, sats=28, mean_q=0.655
[OSQA Visualizer] updating epoch 1465021259.00, sats=28, mean_q=0.616
[OSQA Visualizer] updating epoch 1465021260.00, sats=28, mean_q=0.620
[OSQA Visualizer] updating epoch 1465021261.00, sats=28, mean_q=0.616
[OSQA Visualizer] updating epoch 1465021262.00, sats=27, mean_q=0.652
[OSQA Visualizer] updating epoch 1465021263.00, sats=28, mean_q=0.568
[OSQA Visualizer] updating epoch 1465021264.00, sats=28, mean_q=0.567
[OSQA Visualizer] updating epoch 1465021265.00, sats=28, mean_q=0.602
[OSQA Visualizer] updating epoch 1465021266.00, sats=28, mean_q=0.619
[OSQA Visualizer] updating epoch 1465021267.00, sats=28, mean_q=0.638
[OSQA Visualizer] updating epoch 1465021268.00, sats=29, mean_q=0.635
[OSQA Visualizer] updating epoch 1465021269.00, sats=29, mean_q=0.707
[OSQA Visualizer] updating epoch 1465021270.00, sats=30, mean_q=0.669
[OSQA Visualizer] updating epoch 1465021271.00, sats=29, mean_q=0.698
[OSQA Visualizer] updating epoch 1465021272.00, sats=30, mean_q=0.694
[OSQA Visualizer] updating epoch 1465021273.00, sats=29, mean_q=0.610
[OSQA Visualizer] updating epoch 1465021274.00, sats=29, mean_q=0.701
[OSQA Visualizer] updating epoch 1465021275.00, sats=29, mean_q=0.668
[OSQA Visualizer] updating epoch 1465021276.00, sats=29, mean_q=0.663
[OSQA Visualizer] updating epoch 1465021277.00, sats=28, mean_q=0.695
[OSQA Visualizer] updating epoch 1465021278.00, sats=27, mean_q=0.751
[OSQA Visualizer] updating epoch 1465021279.00, sats=28, mean_q=0.755
[OSQA Visualizer] updating epoch 1465021280.00, sats=28, mean_q=0.050
[OSQA Visualizer] updating epoch 1465021281.00, sats=27, mean_q=0.708
[OSQA Visualizer] updating epoch 1465021282.00, sats=28, mean_q=0.601
[OSQA Visualizer] updating epoch 1465021283.00, sats=28, mean_q=0.597
[OSQA Visualizer] updating epoch 1465021284.00, sats=28, mean_q=0.677
[OSQA Visualizer] updating epoch 1465021285.00, sats=28, mean_q=0.697
[OSQA Visualizer] updating epoch 1465021286.00, sats=27, mean_q=0.708
[OSQA Visualizer] updating epoch 1465021287.00, sats=29, mean_q=0.671
[OSQA Visualizer] updating epoch 1465021288.00, sats=28, mean_q=0.673
[OSQA Visualizer] updating epoch 1465021289.00, sats=28, mean_q=0.653
[OSQA Visualizer] updating epoch 1465021290.00, sats=28, mean_q=0.673
[OSQA Visualizer] updating epoch 1465021291.00, sats=28, mean_q=0.797
[OSQA Visualizer] updating epoch 1465021292.00, sats=28, mean_q=0.712
[OSQA Visualizer] updating epoch 1465021293.00, sats=29, mean_q=0.672
[OSQA Visualizer] updating epoch 1465021294.00, sats=29, mean_q=0.745
[OSQA Visualizer] updating epoch 1465021295.00, sats=29, mean_q=0.720
[OSQA Visualizer] updating epoch 1465021296.00, sats=28, mean_q=0.708
[OSQA Visualizer] updating epoch 1465021297.00, sats=28, mean_q=0.647
[OSQA Visualizer] updating epoch 1465021298.00, sats=28, mean_q=0.736
[OSQA Visualizer] updating epoch 1465021299.00, sats=28, mean_q=0.738
[OSQA Visualizer] updating epoch 1465021300.00, sats=28, mean_q=0.723
[OSQA Visualizer] updating epoch 1465021301.00, sats=28, mean_q=0.718
[OSQA Visualizer] updating epoch 1465021302.00, sats=28, mean_q=0.709
[OSQA Visualizer] updating epoch 1465021303.00, sats=28, mean_q=0.715
[OSQA Visualizer] updating epoch 1465021304.00, sats=29, mean_q=0.667
[OSQA Visualizer] updating epoch 1465021305.00, sats=29, mean_q=0.718
[OSQA Visualizer] updating epoch 1465021306.00, sats=28, mean_q=0.606
[OSQA Visualizer] updating epoch 1465021307.00, sats=28, mean_q=0.641
[OSQA Visualizer] updating epoch 1465021308.00, sats=29, mean_q=0.628
[OSQA Visualizer] updating epoch 1465021309.00, sats=29, mean_q=0.657
[OSQA Visualizer] updating epoch 1465021310.00, sats=29, mean_q=0.737
[OSQA Visualizer] updating epoch 1465021311.00, sats=29, mean_q=0.701
[OSQA Visualizer] updating epoch 1465021312.00, sats=29, mean_q=0.620
[OSQA Visualizer] updating epoch 1465021313.00, sats=28, mean_q=0.578
[OSQA Visualizer] updating epoch 1465021314.00, sats=29, mean_q=0.575
[OSQA Visualizer] updating epoch 1465021315.00, sats=29, mean_q=0.643
[OSQA Visualizer] updating epoch 1465021316.00, sats=29, mean_q=0.697
[OSQA Visualizer] updating epoch 1465021317.00, sats=32, mean_q=0.732
[OSQA Visualizer] updating epoch 1465021318.00, sats=30, mean_q=0.699
[OSQA Visualizer] updating epoch 1465021319.00, sats=30, mean_q=0.741
[OSQA Visualizer] updating epoch 1465021320.00, sats=30, mean_q=0.748
[OSQA Visualizer] updating epoch 1465021321.00, sats=30, mean_q=0.697
[OSQA Visualizer] updating epoch 1465021322.00, sats=31, mean_q=0.731
[OSQA Visualizer] updating epoch 1465021323.00, sats=31, mean_q=0.658
[OSQA Visualizer] updating epoch 1465021324.00, sats=31, mean_q=0.705
[OSQA Visualizer] updating epoch 1465021325.00, sats=31, mean_q=0.699
[OSQA Visualizer] updating epoch 1465021326.00, sats=31, mean_q=0.730
[OSQA Visualizer] updating epoch 1465021327.00, sats=31, mean_q=0.641
[OSQA Visualizer] updating epoch 1465021328.00, sats=31, mean_q=0.738
[OSQA Visualizer] updating epoch 1465021329.00, sats=31, mean_q=0.724
[OSQA Visualizer] updating epoch 1465021330.00, sats=31, mean_q=0.751
[OSQA Visualizer] updating epoch 1465021331.00, sats=31, mean_q=0.754
[OSQA Visualizer] updating epoch 1465021332.00, sats=31, mean_q=0.762
[OSQA Visualizer] updating epoch 1465021333.00, sats=31, mean_q=0.767
[OSQA Visualizer] updating epoch 1465021334.00, sats=30, mean_q=0.752
[OSQA Visualizer] updating epoch 1465021335.00, sats=31, mean_q=0.725
[OSQA Visualizer] updating epoch 1465021336.00, sats=31, mean_q=0.682
[OSQA Visualizer] updating epoch 1465021337.00, sats=30, mean_q=0.697
[OSQA Visualizer] updating epoch 1465021338.00, sats=30, mean_q=0.718
[OSQA Visualizer] updating epoch 1465021339.00, sats=30, mean_q=0.733
[OSQA Visualizer] updating epoch 1465021340.00, sats=30, mean_q=0.737
[OSQA Visualizer] updating epoch 1465021341.00, sats=30, mean_q=0.734
[OSQA Visualizer] updating epoch 1465021342.00, sats=29, mean_q=0.767

[OSQA] Received stop signal...
[OSQA] Stopped. Processed 394 epochs in 413.3s (1.0 Hz)
[OSQA] Statistics:
  Memory: {
  "total_epochs_processed": 394,
  "total_samples_seen": 11809,
  "current_buffer_size": 50,
  "good_samples_count": 200,
  "tracked_satellites": 38,
  "global_feature_mean": [
    0.7327267527580261,
    0.6488308906555176,
    0.029583513736724854,
    0.03110167756676674,
    -0.02943415939807892,
    0.0,
    0.0,
    -0.0019047129899263382
  ],
  "global_feature_std": [
    0.3026665106190856,
    0.19730682822513385,
    0.6450141062924448,
    0.6944771798545897,
    0.2595136828895952,
    4.970239661431059e-162,
    4.970239661431059e-162,
    0.24049143200092268
  ]
}
  Transformer: {
  "analysis_count": 394,
  "anomaly_count": 1921,
  "anomaly_rate": 4.875634517766497,
  "num_heads": 4,
  "head_dim": 32,
  "temperature": 1.3
}
  Graph: {
  "n_nodes": 29,
  "n_edges": 92,
  "avg_degree": 6.344827651977539,
  "max_degree": 10,
  "isolated_nodes": 0,
  "avg_consistency_error": 0.4682773780817761
}
  Temporal: {
  "n_tracked_satellites": 38,
  "total_updates_across_all": 11809,
  "avg_updates_per_satellite": 310.7631578947368,
  "total_analyses": 394,
  "total_jumps_detected": 609,
  "jump_rate": 1.5456852791878173
}
  Fusion: {
  "n_epochs_analyzed": 394,
  "avg_quality": {
    "transformer": 0.759171127369397,
    "graph": 0.8927727530722026,
    "temporal": 0.940880633540405,
    "final": 0.7360514337682115
  },
  "quality_std": {
    "transformer": 0.058358433414934005,
    "graph": 0.027906429415206976,
    "temporal": 0.14791788371989326
  },
  "anomaly_rate": 0.3058684054534677
}
