[0m[INFO] [1788687902.434757257]: [ground_truth_node] GPS time source: /ublox_driver/range_meas[0m
[0m[INFO] [1788687902.434984228]: [ground_truth_node] Subscribing: /ublox_driver/receiver_pvt[0m
[0m[INFO] [1788687902.434988438]: [ground_truth_node] Publishing:  /trbin/gt_enu[0m
[0m[INFO] [1788687902.434991993]: [ground_truth_node] Output file: /home/nvidia/Work/gnssfgo_ml_ws/src/gnssfgo/../gt_lla.csv[0m
[0m[INFO] [1788687904.938699630]: [ground_truth_node] Origin set LLA=(31.403259600, 121.264330400, 17.041)[0m
QFileSystemWatcher::removePaths: list is empty
QFileSystemWatcher::removePaths: list is empty
[31mWARNING: disk usage in log directory [/home/nvidia/.ros/log] is over 1GB.
It's recommended that you use the 'rosclean' command.[0m
... logging to /home/nvidia/.ros/log/a194837c-a9d7-11f1-86b4-e57c5684ecc6/roslaunch-9000k-41258.log
Checking log directory for disk usage. This may take a while.
Press Ctrl-C to interrupt
]2;/home/nvidia/Work/gnssfgo_ml_ws/src/gnssfgo/launch/trbin.launch
[1mstarted roslaunch server http://9000k:41205/[0m

SUMMARY
========

PARAMETERS
 * /SANode/GPS/BDS_only: False
 * /SANode/fgo_enu_topic: /trbin/fgo_enu
 * /SANode/fgo_llh_topic: /trbin/fgo_llh
 * /SANode/history_epoch_window: 200
 * /SANode/hotstart_enable: False
 * /SANode/marginal_enable: False
 * /SANode/max_psr_factors_per_epoch: 12
 * /SANode/max_running_time_ms: 50.0
 * /SANode/min_tr_factor_num: 60
 * /SANode/osqa_enabled: True
 * /SANode/osqa_input_path: /home/nvidia/Work...
 * /SANode/osqa_output_path: /home/nvidia/Work...
 * /SANode/osqa_quality_threshold: 0.3
 * /SANode/output_file: c099.csv
 * /SANode/output_rate_hz: 1.0
 * /SANode/same_reliable: False
 * /SANode/same_time_weight: False
 * /SANode/windowSize: 5
 * /SANode/wls_enu_topic: /trbin/psr_enu
 * /SANode/wls_llh_topic: /trbin/psr_llh
 * /ground_truth/frame_id: map
 * /ground_truth/input_topic: /ublox_driver/rec...
 * /ground_truth/output_topic: /trbin/gt_enu
 * /ground_truth/recording: False
 * /rosdistro: noetic
 * /rosversion: 1.17.4

NODES
  /
    SANode (gnssfgo/SANode)
    ground_truth (gnssfgo/ground_truth_node)
    rosbag_play (gnssfgo/rosbag_play_delayed.sh)
    rviz (rviz/rviz)

auto-starting new master
[1mprocess[master]: started with pid [41292][0m
[1mROS_MASTER_URI=http://localhost:11311[0m
]2;/home/nvidia/Work/gnssfgo_ml_ws/src/gnssfgo/launch/trbin.launch http://localhost:11311
[1msetting /run_id to a194837c-a9d7-11f1-86b4-e57c5684ecc6[0m
[1mprocess[rosout-1]: started with pid [41302][0m
started core service [/rosout]
[1mprocess[SANode-2]: started with pid [41308][0m
[1mprocess[ground_truth-3]: started with pid [41310][0m
[1mprocess[rosbag_play-4]: started with pid [41311][0m
[1mprocess[rviz-5]: started with pid [41313][0m
[1m[rosbag_play-4] process has finished cleanly
log file: /home/nvidia/.ros/log/a194837c-a9d7-11f1-86b4-e57c5684ecc6/rosbag_play-4*.log[0m
[rviz-5] killing on exit
[ground_truth-3] killing on exit
[SANode-2] killing on exit
[rosout-1] killing on exit
[master] killing on exit
shutting down processing monitor...
... shutting down processing monitor complete
[1mdone[0m
