Symlinking /home/nvidia/Work/gnssfgo_ml_ws/devel/include/gnss_comm/GnssEphemMsg.h
Symlinking /home/nvidia/Work/gnssfgo_ml_ws/devel/include/gnss_comm/GnssTimeMsg.h
Symlinking /home/nvidia/Work/gnssfgo_ml_ws/devel/include/gnss_comm/StampedFloat64Array.h
Symlinking /home/nvidia/Work/gnssfgo_ml_ws/devel/include/gnss_comm/GnssObsMsg.h
Symlinking /home/nvidia/Work/gnssfgo_ml_ws/devel/include/gnss_comm/GnssGloEphemMsg.h
Symlinking /home/nvidia/Work/gnssfgo_ml_ws/devel/include/gnss_comm/GnssTimePulseInfoMsg.h
Symlinking /home/nvidia/Work/gnssfgo_ml_ws/devel/include/gnss_comm/GnssPVTSolnMsg.h
Symlinking /home/nvidia/Work/gnssfgo_ml_ws/devel/include/gnss_comm/GnssBestXYZMsg.h
Symlinking /home/nvidia/Work/gnssfgo_ml_ws/devel/include/gnss_comm/GnssSvsMsg.h
Symlinking /home/nvidia/Work/gnssfgo_ml_ws/devel/include/gnss_comm/GnssMeasMsg.h
Symlinking /home/nvidia/Work/gnssfgo_ml_ws/devel/share/gnss_comm/cmake/gnss_commConfig-version.cmake
Symlinking /home/nvidia/Work/gnssfgo_ml_ws/devel/share/gnss_comm/cmake/gnss_commConfig.cmake
Symlinking /home/nvidia/Work/gnssfgo_ml_ws/devel/share/gnss_comm/cmake/gnss_comm-msg-paths.cmake
Symlinking /home/nvidia/Work/gnssfgo_ml_ws/devel/share/gnss_comm/cmake/gnss_comm-msg-extras.cmake
Symlinking /home/nvidia/Work/gnssfgo_ml_ws/devel/share/common-lisp/ros/gnss_comm/msg/GnssObsMsg.lisp
Symlinking /home/nvidia/Work/gnssfgo_ml_ws/devel/share/common-lisp/ros/gnss_comm/msg/_package_GnssTimePulseInfoMsg.lisp
Symlinking /home/nvidia/Work/gnssfgo_ml_ws/devel/share/common-lisp/ros/gnss_comm/msg/GnssEphemMsg.lisp
Symlinking /home/nvidia/Work/gnssfgo_ml_ws/devel/share/common-lisp/ros/gnss_comm/msg/_package_GnssMeasMsg.lisp
Symlinking /home/nvidia/Work/gnssfgo_ml_ws/devel/share/common-lisp/ros/gnss_comm/msg/_package_GnssTimeMsg.lisp
Symlinking /home/nvidia/Work/gnssfgo_ml_ws/devel/share/common-lisp/ros/gnss_comm/msg/GnssPVTSolnMsg.lisp
Symlinking /home/nvidia/Work/gnssfgo_ml_ws/devel/share/common-lisp/ros/gnss_comm/msg/GnssGloEphemMsg.lisp
Symlinking /home/nvidia/Work/gnssfgo_ml_ws/devel/share/common-lisp/ros/gnss_comm/msg/_package_StampedFloat64Array.lisp
Symlinking /home/nvidia/Work/gnssfgo_ml_ws/devel/share/common-lisp/ros/gnss_comm/msg/_package_GnssEphemMsg.lisp
Symlinking /home/nvidia/Work/gnssfgo_ml_ws/devel/share/common-lisp/ros/gnss_comm/msg/GnssSvsMsg.lisp
Symlinking /home/nvidia/Work/gnssfgo_ml_ws/devel/share/common-lisp/ros/gnss_comm/msg/GnssTimePulseInfoMsg.lisp
Symlinking /home/nvidia/Work/gnssfgo_ml_ws/devel/share/common-lisp/ros/gnss_comm/msg/GnssMeasMsg.lisp
Symlinking /home/nvidia/Work/gnssfgo_ml_ws/devel/share/common-lisp/ros/gnss_comm/msg/GnssTimeMsg.lisp
Symlinking /home/nvidia/Work/gnssfgo_ml_ws/devel/share/common-lisp/ros/gnss_comm/msg/_package.lisp
Symlinking /home/nvidia/Work/gnssfgo_ml_ws/devel/share/common-lisp/ros/gnss_comm/msg/gnss_comm-msg.asd
Symlinking /home/nvidia/Work/gnssfgo_ml_ws/devel/share/common-lisp/ros/gnss_comm/msg/_package_GnssObsMsg.lisp
Symlinking /home/nvidia/Work/gnssfgo_ml_ws/devel/share/common-lisp/ros/gnss_comm/msg/_package_GnssGloEphemMsg.lisp
Symlinking /home/nvidia/Work/gnssfgo_ml_ws/devel/share/common-lisp/ros/gnss_comm/msg/GnssBestXYZMsg.lisp
Symlinking /home/nvidia/Work/gnssfgo_ml_ws/devel/share/common-lisp/ros/gnss_comm/msg/StampedFloat64Array.lisp
Symlinking /home/nvidia/Work/gnssfgo_ml_ws/devel/share/common-lisp/ros/gnss_comm/msg/_package_GnssPVTSolnMsg.lisp
Symlinking /home/nvidia/Work/gnssfgo_ml_ws/devel/share/common-lisp/ros/gnss_comm/msg/_package_GnssSvsMsg.lisp
Symlinking /home/nvidia/Work/gnssfgo_ml_ws/devel/share/common-lisp/ros/gnss_comm/msg/_package_GnssBestXYZMsg.lisp
Symlinking /home/nvidia/Work/gnssfgo_ml_ws/devel/share/gennodejs/ros/gnss_comm/_index.js
Symlinking /home/nvidia/Work/gnssfgo_ml_ws/devel/share/gennodejs/ros/gnss_comm/msg/GnssMeasMsg.js
Symlinking /home/nvidia/Work/gnssfgo_ml_ws/devel/share/gennodejs/ros/gnss_comm/msg/GnssTimePulseInfoMsg.js
Symlinking /home/nvidia/Work/gnssfgo_ml_ws/devel/share/gennodejs/ros/gnss_comm/msg/GnssGloEphemMsg.js
Symlinking /home/nvidia/Work/gnssfgo_ml_ws/devel/share/gennodejs/ros/gnss_comm/msg/GnssBestXYZMsg.js
Symlinking /home/nvidia/Work/gnssfgo_ml_ws/devel/share/gennodejs/ros/gnss_comm/msg/_index.js
Symlinking /home/nvidia/Work/gnssfgo_ml_ws/devel/share/gennodejs/ros/gnss_comm/msg/StampedFloat64Array.js
Symlinking /home/nvidia/Work/gnssfgo_ml_ws/devel/share/gennodejs/ros/gnss_comm/msg/GnssObsMsg.js
Symlinking /home/nvidia/Work/gnssfgo_ml_ws/devel/share/gennodejs/ros/gnss_comm/msg/GnssSvsMsg.js
Symlinking /home/nvidia/Work/gnssfgo_ml_ws/devel/share/gennodejs/ros/gnss_comm/msg/GnssPVTSolnMsg.js
Symlinking /home/nvidia/Work/gnssfgo_ml_ws/devel/share/gennodejs/ros/gnss_comm/msg/GnssEphemMsg.js
Symlinking /home/nvidia/Work/gnssfgo_ml_ws/devel/share/gennodejs/ros/gnss_comm/msg/GnssTimeMsg.js
Symlinking /home/nvidia/Work/gnssfgo_ml_ws/devel/share/roseus/ros/gnss_comm/manifest.l
Symlinking /home/nvidia/Work/gnssfgo_ml_ws/devel/share/roseus/ros/gnss_comm/msg/GnssSvsMsg.l
Symlinking /home/nvidia/Work/gnssfgo_ml_ws/devel/share/roseus/ros/gnss_comm/msg/GnssEphemMsg.l
Symlinking /home/nvidia/Work/gnssfgo_ml_ws/devel/share/roseus/ros/gnss_comm/msg/GnssPVTSolnMsg.l
Symlinking /home/nvidia/Work/gnssfgo_ml_ws/devel/share/roseus/ros/gnss_comm/msg/GnssObsMsg.l
Symlinking /home/nvidia/Work/gnssfgo_ml_ws/devel/share/roseus/ros/gnss_comm/msg/StampedFloat64Array.l
Symlinking /home/nvidia/Work/gnssfgo_ml_ws/devel/share/roseus/ros/gnss_comm/msg/GnssBestXYZMsg.l
Symlinking /home/nvidia/Work/gnssfgo_ml_ws/devel/share/roseus/ros/gnss_comm/msg/GnssGloEphemMsg.l
Symlinking /home/nvidia/Work/gnssfgo_ml_ws/devel/share/roseus/ros/gnss_comm/msg/GnssMeasMsg.l
Symlinking /home/nvidia/Work/gnssfgo_ml_ws/devel/share/roseus/ros/gnss_comm/msg/GnssTimePulseInfoMsg.l
Symlinking /home/nvidia/Work/gnssfgo_ml_ws/devel/share/roseus/ros/gnss_comm/msg/GnssTimeMsg.l
Symlinking /home/nvidia/Work/gnssfgo_ml_ws/devel/lib/libgnss_comm.so
Symlinking /home/nvidia/Work/gnssfgo_ml_ws/devel/lib/python3/dist-packages/gnss_comm/__init__.py
Symlinking /home/nvidia/Work/gnssfgo_ml_ws/devel/lib/python3/dist-packages/gnss_comm/msg/_GnssEphemMsg.py
Symlinking /home/nvidia/Work/gnssfgo_ml_ws/devel/lib/python3/dist-packages/gnss_comm/msg/_GnssObsMsg.py
Symlinking /home/nvidia/Work/gnssfgo_ml_ws/devel/lib/python3/dist-packages/gnss_comm/msg/_GnssMeasMsg.py
Symlinking /home/nvidia/Work/gnssfgo_ml_ws/devel/lib/python3/dist-packages/gnss_comm/msg/_GnssTimeMsg.py
Symlinking /home/nvidia/Work/gnssfgo_ml_ws/devel/lib/python3/dist-packages/gnss_comm/msg/_GnssPVTSolnMsg.py
Symlinking /home/nvidia/Work/gnssfgo_ml_ws/devel/lib/python3/dist-packages/gnss_comm/msg/_GnssGloEphemMsg.py
Symlinking /home/nvidia/Work/gnssfgo_ml_ws/devel/lib/python3/dist-packages/gnss_comm/msg/_StampedFloat64Array.py
Symlinking /home/nvidia/Work/gnssfgo_ml_ws/devel/lib/python3/dist-packages/gnss_comm/msg/_GnssTimePulseInfoMsg.py
Symlinking /home/nvidia/Work/gnssfgo_ml_ws/devel/lib/python3/dist-packages/gnss_comm/msg/_GnssBestXYZMsg.py
Symlinking /home/nvidia/Work/gnssfgo_ml_ws/devel/lib/python3/dist-packages/gnss_comm/msg/__init__.py
Symlinking /home/nvidia/Work/gnssfgo_ml_ws/devel/lib/python3/dist-packages/gnss_comm/msg/_GnssSvsMsg.py
Symlinking /home/nvidia/Work/gnssfgo_ml_ws/devel/lib/pkgconfig/gnss_comm.pc
