[35m[1mScanning dependencies of target _gnss_comm_generate_messages_check_deps_GnssBestXYZMsg[0m
[35m[1mScanning dependencies of target _gnss_comm_generate_messages_check_deps_GnssPVTSolnMsg[0m
[35m[1mScanning dependencies of target _gnss_comm_generate_messages_check_deps_StampedFloat64Array[0m
[35m[1mScanning dependencies of target _gnss_comm_generate_messages_check_deps_GnssGloEphemMsg[0m
[35m[1mScanning dependencies of target _gnss_comm_generate_messages_check_deps_GnssMeasMsg[0m
[35m[1mScanning dependencies of target std_msgs_generate_messages_cpp[0m
[35m[1mScanning dependencies of target _gnss_comm_generate_messages_check_deps_GnssTimeMsg[0m
[35m[1mScanning dependencies of target _gnss_comm_generate_messages_check_deps_GnssEphemMsg[0m
[35m[1mScanning dependencies of target std_msgs_generate_messages_eus[0m
[35m[1mScanning dependencies of target _gnss_comm_generate_messages_check_deps_GnssObsMsg[0m
[35m[1mScanning dependencies of target _gnss_comm_generate_messages_check_deps_GnssTimePulseInfoMsg[0m
[35m[1mScanning dependencies of target _gnss_comm_generate_messages_check_deps_GnssSvsMsg[0m
[35m[1mScanning dependencies of target std_msgs_generate_messages_py[0m
[35m[1mScanning dependencies of target std_msgs_generate_messages_nodejs[0m
[35m[1mScanning dependencies of target std_msgs_generate_messages_lisp[0m
[  0%] Built target std_msgs_generate_messages_cpp
[  0%] Built target std_msgs_generate_messages_eus
[  0%] Built target std_msgs_generate_messages_nodejs
[  0%] Built target std_msgs_generate_messages_lisp
[  0%] Built target std_msgs_generate_messages_py
[  0%] Built target _gnss_comm_generate_messages_check_deps_GnssPVTSolnMsg
[  0%] Built target _gnss_comm_generate_messages_check_deps_GnssMeasMsg
[  0%] Built target _gnss_comm_generate_messages_check_deps_StampedFloat64Array
[  0%] Built target _gnss_comm_generate_messages_check_deps_GnssBestXYZMsg
[  0%] Built target _gnss_comm_generate_messages_check_deps_GnssEphemMsg
[  0%] Built target _gnss_comm_generate_messages_check_deps_GnssTimeMsg
[  0%] Built target _gnss_comm_generate_messages_check_deps_GnssGloEphemMsg
[  0%] Built target _gnss_comm_generate_messages_check_deps_GnssTimePulseInfoMsg
[  0%] Built target _gnss_comm_generate_messages_check_deps_GnssObsMsg
[  0%] Built target _gnss_comm_generate_messages_check_deps_GnssSvsMsg
[35m[1mScanning dependencies of target gnss_comm_generate_messages_eus[0m
[35m[1mScanning dependencies of target gnss_comm_generate_messages_cpp[0m
[35m[1mScanning dependencies of target gnss_comm_generate_messages_py[0m
[35m[1mScanning dependencies of target gnss_comm_generate_messages_nodejs[0m
[35m[1mScanning dependencies of target gnss_comm_generate_messages_lisp[0m
[  1%] [34m[1mGenerating Python from MSG gnss_comm/GnssGloEphemMsg[0m
[  5%] [34m[1mGenerating Python from MSG gnss_comm/GnssTimeMsg[0m
[ 12%] [34m[1mGenerating Javascript code from gnss_comm/GnssTimeMsg.msg[0m
[ 12%] [34m[1mGenerating Javascript code from gnss_comm/GnssEphemMsg.msg[0m
[  5%] [34m[1mGenerating C++ code from gnss_comm/GnssTimeMsg.msg[0m
[ 12%] [34m[1mGenerating Lisp code from gnss_comm/GnssTimeMsg.msg[0m
[ 12%] [34m[1mGenerating EusLisp code from gnss_comm/GnssTimeMsg.msg[0m
[ 13%] [34m[1mGenerating C++ code from gnss_comm/GnssGloEphemMsg.msg[0m
[ 15%] [34m[1mGenerating Javascript code from gnss_comm/GnssMeasMsg.msg[0m
[ 20%] [34m[1mGenerating EusLisp code from gnss_comm/GnssMeasMsg.msg[0m
[ 20%] [34m[1mGenerating Javascript code from gnss_comm/GnssObsMsg.msg[0m
[ 20%] [34m[1mGenerating Lisp code from gnss_comm/GnssGloEphemMsg.msg[0m
[ 24%] [34m[1mGenerating Lisp code from gnss_comm/GnssObsMsg.msg[0m
[ 24%] [34m[1mGenerating Python from MSG gnss_comm/GnssMeasMsg[0m
[ 25%] [34m[1mGenerating EusLisp code from gnss_comm/GnssObsMsg.msg[0m
[ 27%] [34m[1mGenerating EusLisp code from gnss_comm/GnssEphemMsg.msg[0m
[ 29%] [34m[1mGenerating C++ code from gnss_comm/GnssEphemMsg.msg[0m
[ 32%] [34m[1mGenerating Javascript code from gnss_comm/GnssGloEphemMsg.msg[0m
[ 32%] [34m[1mGenerating Lisp code from gnss_comm/GnssEphemMsg.msg[0m
[ 34%] [34m[1mGenerating EusLisp code from gnss_comm/GnssGloEphemMsg.msg[0m
[ 36%] [34m[1mGenerating Javascript code from gnss_comm/GnssBestXYZMsg.msg[0m
[ 37%] [34m[1mGenerating Lisp code from gnss_comm/GnssMeasMsg.msg[0m
[ 39%] [34m[1mGenerating C++ code from gnss_comm/GnssMeasMsg.msg[0m
[ 41%] [34m[1mGenerating Python from MSG gnss_comm/GnssEphemMsg[0m
[ 46%] [34m[1mGenerating EusLisp code from gnss_comm/GnssSvsMsg.msg[0m
[ 46%] [34m[1mGenerating EusLisp code from gnss_comm/GnssBestXYZMsg.msg[0m
[ 46%] [34m[1mGenerating EusLisp code from gnss_comm/GnssPVTSolnMsg.msg[0m
[ 48%] [34m[1mGenerating EusLisp code from gnss_comm/GnssTimePulseInfoMsg.msg[0m
[ 50%] [34m[1mGenerating EusLisp code from gnss_comm/StampedFloat64Array.msg[0m
[ 51%] [34m[1mGenerating EusLisp manifest code for gnss_comm[0m
[ 53%] [34m[1mGenerating Lisp code from gnss_comm/GnssBestXYZMsg.msg[0m
[ 55%] [34m[1mGenerating C++ code from gnss_comm/GnssObsMsg.msg[0m
[ 56%] [34m[1mGenerating Javascript code from gnss_comm/GnssSvsMsg.msg[0m
[ 58%] [34m[1mGenerating Javascript code from gnss_comm/GnssPVTSolnMsg.msg[0m
[ 60%] [34m[1mGenerating Lisp code from gnss_comm/GnssPVTSolnMsg.msg[0m
[ 65%] [34m[1mGenerating Lisp code from gnss_comm/GnssTimePulseInfoMsg.msg[0m
[ 65%] [34m[1mGenerating C++ code from gnss_comm/GnssBestXYZMsg.msg[0m
[ 65%] [34m[1mGenerating Lisp code from gnss_comm/GnssSvsMsg.msg[0m
[ 67%] [34m[1mGenerating Javascript code from gnss_comm/GnssTimePulseInfoMsg.msg[0m
[ 68%] [34m[1mGenerating C++ code from gnss_comm/GnssPVTSolnMsg.msg[0m
[ 70%] [34m[1mGenerating Lisp code from gnss_comm/StampedFloat64Array.msg[0m
[ 74%] [34m[1mGenerating Python from MSG gnss_comm/GnssObsMsg[0m
[ 74%] [34m[1mGenerating Javascript code from gnss_comm/StampedFloat64Array.msg[0m
[ 75%] [34m[1mGenerating Python from MSG gnss_comm/GnssBestXYZMsg[0m
[ 77%] [34m[1mGenerating Python from MSG gnss_comm/GnssPVTSolnMsg[0m
[ 79%] [34m[1mGenerating C++ code from gnss_comm/GnssTimePulseInfoMsg.msg[0m
[ 81%] [34m[1mGenerating Python from MSG gnss_comm/GnssTimePulseInfoMsg[0m
[ 84%] [34m[1mGenerating Python from MSG gnss_comm/GnssSvsMsg[0m
[ 84%] [34m[1mGenerating C++ code from gnss_comm/StampedFloat64Array.msg[0m
[ 86%] [34m[1mGenerating Python from MSG gnss_comm/StampedFloat64Array[0m
[ 87%] [34m[1mGenerating C++ code from gnss_comm/GnssSvsMsg.msg[0m
[ 87%] Built target gnss_comm_generate_messages_lisp
[ 87%] Built target gnss_comm_generate_messages_nodejs
[ 87%] Built target gnss_comm_generate_messages_cpp
[35m[1mScanning dependencies of target gnss_comm[0m
[ 94%] [32mBuilding CXX object CMakeFiles/gnss_comm.dir/src/rinex_helper.cpp.o[0m
[ 94%] [32mBuilding CXX object CMakeFiles/gnss_comm.dir/src/gnss_ros.cpp.o[0m
[ 94%] [32mBuilding CXX object CMakeFiles/gnss_comm.dir/src/gnss_spp.cpp.o[0m
[ 96%] [32mBuilding CXX object CMakeFiles/gnss_comm.dir/src/gnss_utility.cpp.o[0m
[ 96%] [32mBuilding CXX object CMakeFiles/gnss_comm.dir/src/gnss_spp_extra.cpp.o[0m
[ 98%] [34m[1mGenerating Python msg __init__.py for gnss_comm[0m
[ 98%] Built target gnss_comm_generate_messages_py
[ 98%] Built target gnss_comm_generate_messages_eus
[35m[1mScanning dependencies of target gnss_comm_generate_messages[0m
[ 98%] Built target gnss_comm_generate_messages
[100%] [32m[1mLinking CXX shared library /home/nvidia/Work/gnssfgo_ml_ws/devel/.private/gnss_comm/lib/libgnss_comm.so[0m
[100%] Built target gnss_comm
