Linked: (/home/nvidia/Work/gnssfgo_ml_ws/devel/.private/gnss_comm/include/gnss_comm/GnssEphemMsg.h, /home/nvidia/Work/gnssfgo_ml_ws/devel/include/gnss_comm/GnssEphemMsg.h)
Linked: (/home/nvidia/Work/gnssfgo_ml_ws/devel/.private/gnss_comm/include/gnss_comm/GnssTimeMsg.h, /home/nvidia/Work/gnssfgo_ml_ws/devel/include/gnss_comm/GnssTimeMsg.h)
Linked: (/home/nvidia/Work/gnssfgo_ml_ws/devel/.private/gnss_comm/include/gnss_comm/StampedFloat64Array.h, /home/nvidia/Work/gnssfgo_ml_ws/devel/include/gnss_comm/StampedFloat64Array.h)
Linked: (/home/nvidia/Work/gnssfgo_ml_ws/devel/.private/gnss_comm/include/gnss_comm/GnssObsMsg.h, /home/nvidia/Work/gnssfgo_ml_ws/devel/include/gnss_comm/GnssObsMsg.h)
Linked: (/home/nvidia/Work/gnssfgo_ml_ws/devel/.private/gnss_comm/include/gnss_comm/GnssGloEphemMsg.h, /home/nvidia/Work/gnssfgo_ml_ws/devel/include/gnss_comm/GnssGloEphemMsg.h)
Linked: (/home/nvidia/Work/gnssfgo_ml_ws/devel/.private/gnss_comm/include/gnss_comm/GnssTimePulseInfoMsg.h, /home/nvidia/Work/gnssfgo_ml_ws/devel/include/gnss_comm/GnssTimePulseInfoMsg.h)
Linked: (/home/nvidia/Work/gnssfgo_ml_ws/devel/.private/gnss_comm/include/gnss_comm/GnssPVTSolnMsg.h, /home/nvidia/Work/gnssfgo_ml_ws/devel/include/gnss_comm/GnssPVTSolnMsg.h)
Linked: (/home/nvidia/Work/gnssfgo_ml_ws/devel/.private/gnss_comm/include/gnss_comm/GnssBestXYZMsg.h, /home/nvidia/Work/gnssfgo_ml_ws/devel/include/gnss_comm/GnssBestXYZMsg.h)
Linked: (/home/nvidia/Work/gnssfgo_ml_ws/devel/.private/gnss_comm/include/gnss_comm/GnssSvsMsg.h, /home/nvidia/Work/gnssfgo_ml_ws/devel/include/gnss_comm/GnssSvsMsg.h)
Linked: (/home/nvidia/Work/gnssfgo_ml_ws/devel/.private/gnss_comm/include/gnss_comm/GnssMeasMsg.h, /home/nvidia/Work/gnssfgo_ml_ws/devel/include/gnss_comm/GnssMeasMsg.h)
Linked: (/home/nvidia/Work/gnssfgo_ml_ws/devel/.private/gnss_comm/share/gnss_comm/cmake/gnss_commConfig-version.cmake, /home/nvidia/Work/gnssfgo_ml_ws/devel/share/gnss_comm/cmake/gnss_commConfig-version.cmake)
Linked: (/home/nvidia/Work/gnssfgo_ml_ws/devel/.private/gnss_comm/share/gnss_comm/cmake/gnss_commConfig.cmake, /home/nvidia/Work/gnssfgo_ml_ws/devel/share/gnss_comm/cmake/gnss_commConfig.cmake)
Linked: (/home/nvidia/Work/gnssfgo_ml_ws/devel/.private/gnss_comm/share/gnss_comm/cmake/gnss_comm-msg-paths.cmake, /home/nvidia/Work/gnssfgo_ml_ws/devel/share/gnss_comm/cmake/gnss_comm-msg-paths.cmake)
Linked: (/home/nvidia/Work/gnssfgo_ml_ws/devel/.private/gnss_comm/share/gnss_comm/cmake/gnss_comm-msg-extras.cmake, /home/nvidia/Work/gnssfgo_ml_ws/devel/share/gnss_comm/cmake/gnss_comm-msg-extras.cmake)
Linked: (/home/nvidia/Work/gnssfgo_ml_ws/devel/.private/gnss_comm/share/common-lisp/ros/gnss_comm/msg/GnssObsMsg.lisp, /home/nvidia/Work/gnssfgo_ml_ws/devel/share/common-lisp/ros/gnss_comm/msg/GnssObsMsg.lisp)
Linked: (/home/nvidia/Work/gnssfgo_ml_ws/devel/.private/gnss_comm/share/common-lisp/ros/gnss_comm/msg/_package_GnssTimePulseInfoMsg.lisp, /home/nvidia/Work/gnssfgo_ml_ws/devel/share/common-lisp/ros/gnss_comm/msg/_package_GnssTimePulseInfoMsg.lisp)
Linked: (/home/nvidia/Work/gnssfgo_ml_ws/devel/.private/gnss_comm/share/common-lisp/ros/gnss_comm/msg/GnssEphemMsg.lisp, /home/nvidia/Work/gnssfgo_ml_ws/devel/share/common-lisp/ros/gnss_comm/msg/GnssEphemMsg.lisp)
Linked: (/home/nvidia/Work/gnssfgo_ml_ws/devel/.private/gnss_comm/share/common-lisp/ros/gnss_comm/msg/_package_GnssMeasMsg.lisp, /home/nvidia/Work/gnssfgo_ml_ws/devel/share/common-lisp/ros/gnss_comm/msg/_package_GnssMeasMsg.lisp)
Linked: (/home/nvidia/Work/gnssfgo_ml_ws/devel/.private/gnss_comm/share/common-lisp/ros/gnss_comm/msg/_package_GnssTimeMsg.lisp, /home/nvidia/Work/gnssfgo_ml_ws/devel/share/common-lisp/ros/gnss_comm/msg/_package_GnssTimeMsg.lisp)
Linked: (/home/nvidia/Work/gnssfgo_ml_ws/devel/.private/gnss_comm/share/common-lisp/ros/gnss_comm/msg/GnssPVTSolnMsg.lisp, /home/nvidia/Work/gnssfgo_ml_ws/devel/share/common-lisp/ros/gnss_comm/msg/GnssPVTSolnMsg.lisp)
Linked: (/home/nvidia/Work/gnssfgo_ml_ws/devel/.private/gnss_comm/share/common-lisp/ros/gnss_comm/msg/GnssGloEphemMsg.lisp, /home/nvidia/Work/gnssfgo_ml_ws/devel/share/common-lisp/ros/gnss_comm/msg/GnssGloEphemMsg.lisp)
Linked: (/home/nvidia/Work/gnssfgo_ml_ws/devel/.private/gnss_comm/share/common-lisp/ros/gnss_comm/msg/_package_StampedFloat64Array.lisp, /home/nvidia/Work/gnssfgo_ml_ws/devel/share/common-lisp/ros/gnss_comm/msg/_package_StampedFloat64Array.lisp)
Linked: (/home/nvidia/Work/gnssfgo_ml_ws/devel/.private/gnss_comm/share/common-lisp/ros/gnss_comm/msg/_package_GnssEphemMsg.lisp, /home/nvidia/Work/gnssfgo_ml_ws/devel/share/common-lisp/ros/gnss_comm/msg/_package_GnssEphemMsg.lisp)
Linked: (/home/nvidia/Work/gnssfgo_ml_ws/devel/.private/gnss_comm/share/common-lisp/ros/gnss_comm/msg/GnssSvsMsg.lisp, /home/nvidia/Work/gnssfgo_ml_ws/devel/share/common-lisp/ros/gnss_comm/msg/GnssSvsMsg.lisp)
Linked: (/home/nvidia/Work/gnssfgo_ml_ws/devel/.private/gnss_comm/share/common-lisp/ros/gnss_comm/msg/GnssTimePulseInfoMsg.lisp, /home/nvidia/Work/gnssfgo_ml_ws/devel/share/common-lisp/ros/gnss_comm/msg/GnssTimePulseInfoMsg.lisp)
Linked: (/home/nvidia/Work/gnssfgo_ml_ws/devel/.private/gnss_comm/share/common-lisp/ros/gnss_comm/msg/GnssMeasMsg.lisp, /home/nvidia/Work/gnssfgo_ml_ws/devel/share/common-lisp/ros/gnss_comm/msg/GnssMeasMsg.lisp)
Linked: (/home/nvidia/Work/gnssfgo_ml_ws/devel/.private/gnss_comm/share/common-lisp/ros/gnss_comm/msg/GnssTimeMsg.lisp, /home/nvidia/Work/gnssfgo_ml_ws/devel/share/common-lisp/ros/gnss_comm/msg/GnssTimeMsg.lisp)
Linked: (/home/nvidia/Work/gnssfgo_ml_ws/devel/.private/gnss_comm/share/common-lisp/ros/gnss_comm/msg/_package.lisp, /home/nvidia/Work/gnssfgo_ml_ws/devel/share/common-lisp/ros/gnss_comm/msg/_package.lisp)
Linked: (/home/nvidia/Work/gnssfgo_ml_ws/devel/.private/gnss_comm/share/common-lisp/ros/gnss_comm/msg/gnss_comm-msg.asd, /home/nvidia/Work/gnssfgo_ml_ws/devel/share/common-lisp/ros/gnss_comm/msg/gnss_comm-msg.asd)
Linked: (/home/nvidia/Work/gnssfgo_ml_ws/devel/.private/gnss_comm/share/common-lisp/ros/gnss_comm/msg/_package_GnssObsMsg.lisp, /home/nvidia/Work/gnssfgo_ml_ws/devel/share/common-lisp/ros/gnss_comm/msg/_package_GnssObsMsg.lisp)
Linked: (/home/nvidia/Work/gnssfgo_ml_ws/devel/.private/gnss_comm/share/common-lisp/ros/gnss_comm/msg/_package_GnssGloEphemMsg.lisp, /home/nvidia/Work/gnssfgo_ml_ws/devel/share/common-lisp/ros/gnss_comm/msg/_package_GnssGloEphemMsg.lisp)
Linked: (/home/nvidia/Work/gnssfgo_ml_ws/devel/.private/gnss_comm/share/common-lisp/ros/gnss_comm/msg/GnssBestXYZMsg.lisp, /home/nvidia/Work/gnssfgo_ml_ws/devel/share/common-lisp/ros/gnss_comm/msg/GnssBestXYZMsg.lisp)
Linked: (/home/nvidia/Work/gnssfgo_ml_ws/devel/.private/gnss_comm/share/common-lisp/ros/gnss_comm/msg/StampedFloat64Array.lisp, /home/nvidia/Work/gnssfgo_ml_ws/devel/share/common-lisp/ros/gnss_comm/msg/StampedFloat64Array.lisp)
Linked: (/home/nvidia/Work/gnssfgo_ml_ws/devel/.private/gnss_comm/share/common-lisp/ros/gnss_comm/msg/_package_GnssPVTSolnMsg.lisp, /home/nvidia/Work/gnssfgo_ml_ws/devel/share/common-lisp/ros/gnss_comm/msg/_package_GnssPVTSolnMsg.lisp)
Linked: (/home/nvidia/Work/gnssfgo_ml_ws/devel/.private/gnss_comm/share/common-lisp/ros/gnss_comm/msg/_package_GnssSvsMsg.lisp, /home/nvidia/Work/gnssfgo_ml_ws/devel/share/common-lisp/ros/gnss_comm/msg/_package_GnssSvsMsg.lisp)
Linked: (/home/nvidia/Work/gnssfgo_ml_ws/devel/.private/gnss_comm/share/common-lisp/ros/gnss_comm/msg/_package_GnssBestXYZMsg.lisp, /home/nvidia/Work/gnssfgo_ml_ws/devel/share/common-lisp/ros/gnss_comm/msg/_package_GnssBestXYZMsg.lisp)
Linked: (/home/nvidia/Work/gnssfgo_ml_ws/devel/.private/gnss_comm/share/gennodejs/ros/gnss_comm/_index.js, /home/nvidia/Work/gnssfgo_ml_ws/devel/share/gennodejs/ros/gnss_comm/_index.js)
Linked: (/home/nvidia/Work/gnssfgo_ml_ws/devel/.private/gnss_comm/share/gennodejs/ros/gnss_comm/msg/GnssMeasMsg.js, /home/nvidia/Work/gnssfgo_ml_ws/devel/share/gennodejs/ros/gnss_comm/msg/GnssMeasMsg.js)
Linked: (/home/nvidia/Work/gnssfgo_ml_ws/devel/.private/gnss_comm/share/gennodejs/ros/gnss_comm/msg/GnssTimePulseInfoMsg.js, /home/nvidia/Work/gnssfgo_ml_ws/devel/share/gennodejs/ros/gnss_comm/msg/GnssTimePulseInfoMsg.js)
Linked: (/home/nvidia/Work/gnssfgo_ml_ws/devel/.private/gnss_comm/share/gennodejs/ros/gnss_comm/msg/GnssGloEphemMsg.js, /home/nvidia/Work/gnssfgo_ml_ws/devel/share/gennodejs/ros/gnss_comm/msg/GnssGloEphemMsg.js)
Linked: (/home/nvidia/Work/gnssfgo_ml_ws/devel/.private/gnss_comm/share/gennodejs/ros/gnss_comm/msg/GnssBestXYZMsg.js, /home/nvidia/Work/gnssfgo_ml_ws/devel/share/gennodejs/ros/gnss_comm/msg/GnssBestXYZMsg.js)
Linked: (/home/nvidia/Work/gnssfgo_ml_ws/devel/.private/gnss_comm/share/gennodejs/ros/gnss_comm/msg/_index.js, /home/nvidia/Work/gnssfgo_ml_ws/devel/share/gennodejs/ros/gnss_comm/msg/_index.js)
Linked: (/home/nvidia/Work/gnssfgo_ml_ws/devel/.private/gnss_comm/share/gennodejs/ros/gnss_comm/msg/StampedFloat64Array.js, /home/nvidia/Work/gnssfgo_ml_ws/devel/share/gennodejs/ros/gnss_comm/msg/StampedFloat64Array.js)
Linked: (/home/nvidia/Work/gnssfgo_ml_ws/devel/.private/gnss_comm/share/gennodejs/ros/gnss_comm/msg/GnssObsMsg.js, /home/nvidia/Work/gnssfgo_ml_ws/devel/share/gennodejs/ros/gnss_comm/msg/GnssObsMsg.js)
Linked: (/home/nvidia/Work/gnssfgo_ml_ws/devel/.private/gnss_comm/share/gennodejs/ros/gnss_comm/msg/GnssSvsMsg.js, /home/nvidia/Work/gnssfgo_ml_ws/devel/share/gennodejs/ros/gnss_comm/msg/GnssSvsMsg.js)
Linked: (/home/nvidia/Work/gnssfgo_ml_ws/devel/.private/gnss_comm/share/gennodejs/ros/gnss_comm/msg/GnssPVTSolnMsg.js, /home/nvidia/Work/gnssfgo_ml_ws/devel/share/gennodejs/ros/gnss_comm/msg/GnssPVTSolnMsg.js)
Linked: (/home/nvidia/Work/gnssfgo_ml_ws/devel/.private/gnss_comm/share/gennodejs/ros/gnss_comm/msg/GnssEphemMsg.js, /home/nvidia/Work/gnssfgo_ml_ws/devel/share/gennodejs/ros/gnss_comm/msg/GnssEphemMsg.js)
Linked: (/home/nvidia/Work/gnssfgo_ml_ws/devel/.private/gnss_comm/share/gennodejs/ros/gnss_comm/msg/GnssTimeMsg.js, /home/nvidia/Work/gnssfgo_ml_ws/devel/share/gennodejs/ros/gnss_comm/msg/GnssTimeMsg.js)
Linked: (/home/nvidia/Work/gnssfgo_ml_ws/devel/.private/gnss_comm/share/roseus/ros/gnss_comm/manifest.l, /home/nvidia/Work/gnssfgo_ml_ws/devel/share/roseus/ros/gnss_comm/manifest.l)
Linked: (/home/nvidia/Work/gnssfgo_ml_ws/devel/.private/gnss_comm/share/roseus/ros/gnss_comm/msg/GnssSvsMsg.l, /home/nvidia/Work/gnssfgo_ml_ws/devel/share/roseus/ros/gnss_comm/msg/GnssSvsMsg.l)
Linked: (/home/nvidia/Work/gnssfgo_ml_ws/devel/.private/gnss_comm/share/roseus/ros/gnss_comm/msg/GnssEphemMsg.l, /home/nvidia/Work/gnssfgo_ml_ws/devel/share/roseus/ros/gnss_comm/msg/GnssEphemMsg.l)
Linked: (/home/nvidia/Work/gnssfgo_ml_ws/devel/.private/gnss_comm/share/roseus/ros/gnss_comm/msg/GnssPVTSolnMsg.l, /home/nvidia/Work/gnssfgo_ml_ws/devel/share/roseus/ros/gnss_comm/msg/GnssPVTSolnMsg.l)
Linked: (/home/nvidia/Work/gnssfgo_ml_ws/devel/.private/gnss_comm/share/roseus/ros/gnss_comm/msg/GnssObsMsg.l, /home/nvidia/Work/gnssfgo_ml_ws/devel/share/roseus/ros/gnss_comm/msg/GnssObsMsg.l)
Linked: (/home/nvidia/Work/gnssfgo_ml_ws/devel/.private/gnss_comm/share/roseus/ros/gnss_comm/msg/StampedFloat64Array.l, /home/nvidia/Work/gnssfgo_ml_ws/devel/share/roseus/ros/gnss_comm/msg/StampedFloat64Array.l)
Linked: (/home/nvidia/Work/gnssfgo_ml_ws/devel/.private/gnss_comm/share/roseus/ros/gnss_comm/msg/GnssBestXYZMsg.l, /home/nvidia/Work/gnssfgo_ml_ws/devel/share/roseus/ros/gnss_comm/msg/GnssBestXYZMsg.l)
Linked: (/home/nvidia/Work/gnssfgo_ml_ws/devel/.private/gnss_comm/share/roseus/ros/gnss_comm/msg/GnssGloEphemMsg.l, /home/nvidia/Work/gnssfgo_ml_ws/devel/share/roseus/ros/gnss_comm/msg/GnssGloEphemMsg.l)
Linked: (/home/nvidia/Work/gnssfgo_ml_ws/devel/.private/gnss_comm/share/roseus/ros/gnss_comm/msg/GnssMeasMsg.l, /home/nvidia/Work/gnssfgo_ml_ws/devel/share/roseus/ros/gnss_comm/msg/GnssMeasMsg.l)
Linked: (/home/nvidia/Work/gnssfgo_ml_ws/devel/.private/gnss_comm/share/roseus/ros/gnss_comm/msg/GnssTimePulseInfoMsg.l, /home/nvidia/Work/gnssfgo_ml_ws/devel/share/roseus/ros/gnss_comm/msg/GnssTimePulseInfoMsg.l)
Linked: (/home/nvidia/Work/gnssfgo_ml_ws/devel/.private/gnss_comm/share/roseus/ros/gnss_comm/msg/GnssTimeMsg.l, /home/nvidia/Work/gnssfgo_ml_ws/devel/share/roseus/ros/gnss_comm/msg/GnssTimeMsg.l)
Linked: (/home/nvidia/Work/gnssfgo_ml_ws/devel/.private/gnss_comm/lib/libgnss_comm.so, /home/nvidia/Work/gnssfgo_ml_ws/devel/lib/libgnss_comm.so)
Linked: (/home/nvidia/Work/gnssfgo_ml_ws/devel/.private/gnss_comm/lib/python3/dist-packages/gnss_comm/__init__.py, /home/nvidia/Work/gnssfgo_ml_ws/devel/lib/python3/dist-packages/gnss_comm/__init__.py)
Linked: (/home/nvidia/Work/gnssfgo_ml_ws/devel/.private/gnss_comm/lib/python3/dist-packages/gnss_comm/msg/_GnssEphemMsg.py, /home/nvidia/Work/gnssfgo_ml_ws/devel/lib/python3/dist-packages/gnss_comm/msg/_GnssEphemMsg.py)
Linked: (/home/nvidia/Work/gnssfgo_ml_ws/devel/.private/gnss_comm/lib/python3/dist-packages/gnss_comm/msg/_GnssObsMsg.py, /home/nvidia/Work/gnssfgo_ml_ws/devel/lib/python3/dist-packages/gnss_comm/msg/_GnssObsMsg.py)
Linked: (/home/nvidia/Work/gnssfgo_ml_ws/devel/.private/gnss_comm/lib/python3/dist-packages/gnss_comm/msg/_GnssMeasMsg.py, /home/nvidia/Work/gnssfgo_ml_ws/devel/lib/python3/dist-packages/gnss_comm/msg/_GnssMeasMsg.py)
Linked: (/home/nvidia/Work/gnssfgo_ml_ws/devel/.private/gnss_comm/lib/python3/dist-packages/gnss_comm/msg/_GnssTimeMsg.py, /home/nvidia/Work/gnssfgo_ml_ws/devel/lib/python3/dist-packages/gnss_comm/msg/_GnssTimeMsg.py)
Linked: (/home/nvidia/Work/gnssfgo_ml_ws/devel/.private/gnss_comm/lib/python3/dist-packages/gnss_comm/msg/_GnssPVTSolnMsg.py, /home/nvidia/Work/gnssfgo_ml_ws/devel/lib/python3/dist-packages/gnss_comm/msg/_GnssPVTSolnMsg.py)
Linked: (/home/nvidia/Work/gnssfgo_ml_ws/devel/.private/gnss_comm/lib/python3/dist-packages/gnss_comm/msg/_GnssGloEphemMsg.py, /home/nvidia/Work/gnssfgo_ml_ws/devel/lib/python3/dist-packages/gnss_comm/msg/_GnssGloEphemMsg.py)
Linked: (/home/nvidia/Work/gnssfgo_ml_ws/devel/.private/gnss_comm/lib/python3/dist-packages/gnss_comm/msg/_StampedFloat64Array.py, /home/nvidia/Work/gnssfgo_ml_ws/devel/lib/python3/dist-packages/gnss_comm/msg/_StampedFloat64Array.py)
Linked: (/home/nvidia/Work/gnssfgo_ml_ws/devel/.private/gnss_comm/lib/python3/dist-packages/gnss_comm/msg/_GnssTimePulseInfoMsg.py, /home/nvidia/Work/gnssfgo_ml_ws/devel/lib/python3/dist-packages/gnss_comm/msg/_GnssTimePulseInfoMsg.py)
Linked: (/home/nvidia/Work/gnssfgo_ml_ws/devel/.private/gnss_comm/lib/python3/dist-packages/gnss_comm/msg/_GnssBestXYZMsg.py, /home/nvidia/Work/gnssfgo_ml_ws/devel/lib/python3/dist-packages/gnss_comm/msg/_GnssBestXYZMsg.py)
Linked: (/home/nvidia/Work/gnssfgo_ml_ws/devel/.private/gnss_comm/lib/python3/dist-packages/gnss_comm/msg/__init__.py, /home/nvidia/Work/gnssfgo_ml_ws/devel/lib/python3/dist-packages/gnss_comm/msg/__init__.py)
Linked: (/home/nvidia/Work/gnssfgo_ml_ws/devel/.private/gnss_comm/lib/python3/dist-packages/gnss_comm/msg/_GnssSvsMsg.py, /home/nvidia/Work/gnssfgo_ml_ws/devel/lib/python3/dist-packages/gnss_comm/msg/_GnssSvsMsg.py)
Linked: (/home/nvidia/Work/gnssfgo_ml_ws/devel/.private/gnss_comm/lib/pkgconfig/gnss_comm.pc, /home/nvidia/Work/gnssfgo_ml_ws/devel/lib/pkgconfig/gnss_comm.pc)
