[  0%] Built target std_msgs_generate_messages_cpp
[  0%] Built target std_msgs_generate_messages_lisp
[  0%] Built target std_msgs_generate_messages_nodejs
[  0%] Built target std_msgs_generate_messages_eus
[  0%] Built target std_msgs_generate_messages_py
[  0%] Built target _gnss_comm_generate_messages_check_deps_GnssBestXYZMsg
[  0%] Built target _gnss_comm_generate_messages_check_deps_GnssPVTSolnMsg
[  0%] Built target _gnss_comm_generate_messages_check_deps_StampedFloat64Array
[  0%] Built target _gnss_comm_generate_messages_check_deps_GnssGloEphemMsg
[  0%] Built target _gnss_comm_generate_messages_check_deps_GnssTimeMsg
[  0%] Built target _gnss_comm_generate_messages_check_deps_GnssObsMsg
[  0%] Built target _gnss_comm_generate_messages_check_deps_GnssEphemMsg
[  0%] Built target _gnss_comm_generate_messages_check_deps_GnssTimePulseInfoMsg
[  0%] Built target _gnss_comm_generate_messages_check_deps_GnssSvsMsg
[  0%] Built target _gnss_comm_generate_messages_check_deps_GnssMeasMsg
[ 87%] Built target gnss_comm_generate_messages_nodejs
[ 84%] Built target gnss_comm_generate_messages_cpp
[ 89%] Built target gnss_comm_generate_messages_py
[ 89%] Built target gnss_comm_generate_messages_eus
[ 84%] Built target gnss_comm_generate_messages_lisp
[ 89%] Built target gnss_comm_generate_messages
[100%] Built target gnss_comm
